Archive member included to satisfy reference by file (symbol)

/usr/lib/gcc/arm-none-eabi/5.4.1/../../../arm-none-eabi/lib/armv6-m/libc_nano.a(lib_a-atexit.o)
                              /usr/lib/gcc/arm-none-eabi/5.4.1/../../../arm-none-eabi/lib/armv6-m/crt0.o (atexit)
/usr/lib/gcc/arm-none-eabi/5.4.1/../../../arm-none-eabi/lib/armv6-m/libc_nano.a(lib_a-exit.o)
                              /usr/lib/gcc/arm-none-eabi/5.4.1/../../../arm-none-eabi/lib/armv6-m/crt0.o (exit)
/usr/lib/gcc/arm-none-eabi/5.4.1/../../../arm-none-eabi/lib/armv6-m/libc_nano.a(lib_a-fini.o)
                              /usr/lib/gcc/arm-none-eabi/5.4.1/../../../arm-none-eabi/lib/armv6-m/crt0.o (__libc_fini_array)
/usr/lib/gcc/arm-none-eabi/5.4.1/../../../arm-none-eabi/lib/armv6-m/libc_nano.a(lib_a-impure.o)
                              /usr/lib/gcc/arm-none-eabi/5.4.1/../../../arm-none-eabi/lib/armv6-m/libc_nano.a(lib_a-exit.o) (_global_impure_ptr)
/usr/lib/gcc/arm-none-eabi/5.4.1/../../../arm-none-eabi/lib/armv6-m/libc_nano.a(lib_a-init.o)
                              /usr/lib/gcc/arm-none-eabi/5.4.1/../../../arm-none-eabi/lib/armv6-m/crt0.o (__libc_init_array)
/usr/lib/gcc/arm-none-eabi/5.4.1/../../../arm-none-eabi/lib/armv6-m/libc_nano.a(lib_a-memcpy-stub.o)
                              build/stm32f0xx_hal_rcc.o (memcpy)
/usr/lib/gcc/arm-none-eabi/5.4.1/../../../arm-none-eabi/lib/armv6-m/libc_nano.a(lib_a-memset.o)
                              /usr/lib/gcc/arm-none-eabi/5.4.1/../../../arm-none-eabi/lib/armv6-m/crt0.o (memset)
/usr/lib/gcc/arm-none-eabi/5.4.1/../../../arm-none-eabi/lib/armv6-m/libc_nano.a(lib_a-__atexit.o)
                              /usr/lib/gcc/arm-none-eabi/5.4.1/../../../arm-none-eabi/lib/armv6-m/libc_nano.a(lib_a-atexit.o) (__register_exitproc)
/usr/lib/gcc/arm-none-eabi/5.4.1/../../../arm-none-eabi/lib/armv6-m/libc_nano.a(lib_a-__call_atexit.o)
                              /usr/lib/gcc/arm-none-eabi/5.4.1/../../../arm-none-eabi/lib/armv6-m/libc_nano.a(lib_a-__atexit.o) (__call_exitprocs)
/usr/lib/gcc/arm-none-eabi/5.4.1/../../../arm-none-eabi/lib/armv6-m/libnosys.a(_exit.o)
                              /usr/lib/gcc/arm-none-eabi/5.4.1/../../../arm-none-eabi/lib/armv6-m/libc_nano.a(lib_a-exit.o) (_exit)
/usr/lib/gcc/arm-none-eabi/5.4.1/armv6-m/libgcc.a(_udivsi3.o)
                              build/stm32f0xx_hal_rcc.o (__aeabi_uidiv)
/usr/lib/gcc/arm-none-eabi/5.4.1/armv6-m/libgcc.a(_dvmd_tls.o)
                              /usr/lib/gcc/arm-none-eabi/5.4.1/armv6-m/libgcc.a(_udivsi3.o) (__aeabi_idiv0)

Allocating common symbols
Common symbol       size              file

uwTick              0x4               build/stm32f0xx_hal.o
pFlash              0x20              build/stm32f0xx_hal_flash.o

Discarded input sections

 .text          0x0000000000000000        0x0 /usr/lib/gcc/arm-none-eabi/5.4.1/armv6-m/crti.o
 .data          0x0000000000000000        0x0 /usr/lib/gcc/arm-none-eabi/5.4.1/armv6-m/crti.o
 .bss           0x0000000000000000        0x0 /usr/lib/gcc/arm-none-eabi/5.4.1/armv6-m/crti.o
 .data          0x0000000000000000        0x4 /usr/lib/gcc/arm-none-eabi/5.4.1/armv6-m/crtbegin.o
 .text          0x0000000000000000       0x6c /usr/lib/gcc/arm-none-eabi/5.4.1/../../../arm-none-eabi/lib/armv6-m/crt0.o
 .data          0x0000000000000000        0x0 /usr/lib/gcc/arm-none-eabi/5.4.1/../../../arm-none-eabi/lib/armv6-m/crt0.o
 .bss           0x0000000000000000        0x0 /usr/lib/gcc/arm-none-eabi/5.4.1/../../../arm-none-eabi/lib/armv6-m/crt0.o
 .ARM.extab     0x0000000000000000        0x0 /usr/lib/gcc/arm-none-eabi/5.4.1/../../../arm-none-eabi/lib/armv6-m/crt0.o
 .ARM.exidx     0x0000000000000000        0x8 /usr/lib/gcc/arm-none-eabi/5.4.1/../../../arm-none-eabi/lib/armv6-m/crt0.o
 .debug_line    0x0000000000000000       0x80 /usr/lib/gcc/arm-none-eabi/5.4.1/../../../arm-none-eabi/lib/armv6-m/crt0.o
 .debug_info    0x0000000000000000       0x9d /usr/lib/gcc/arm-none-eabi/5.4.1/../../../arm-none-eabi/lib/armv6-m/crt0.o
 .debug_abbrev  0x0000000000000000       0x14 /usr/lib/gcc/arm-none-eabi/5.4.1/../../../arm-none-eabi/lib/armv6-m/crt0.o
 .debug_aranges
                0x0000000000000000       0x20 /usr/lib/gcc/arm-none-eabi/5.4.1/../../../arm-none-eabi/lib/armv6-m/crt0.o
 .ARM.attributes
                0x0000000000000000       0x1b /usr/lib/gcc/arm-none-eabi/5.4.1/../../../arm-none-eabi/lib/armv6-m/crt0.o
 .text          0x0000000000000000        0x0 build/main.o
 .data          0x0000000000000000        0x0 build/main.o
 .bss           0x0000000000000000        0x0 build/main.o
 .text.Error_Handler
                0x0000000000000000        0x4 build/main.o
 .text          0x0000000000000000        0x0 build/stm32f0xx_it.o
 .data          0x0000000000000000        0x0 build/stm32f0xx_it.o
 .bss           0x0000000000000000        0x0 build/stm32f0xx_it.o
 .text          0x0000000000000000        0x0 build/stm32f0xx_hal_msp.o
[...]
Memory Configuration

Name             Origin             Length             Attributes
RAM              0x0000000020000000 0x0000000000001000 xrw
FLASH            0x0000000008000000 0x0000000000004000 xr
*default*        0x0000000000000000 0xffffffffffffffff

Linker script and memory map

LOAD /usr/lib/gcc/arm-none-eabi/5.4.1/armv6-m/crti.o
LOAD /usr/lib/gcc/arm-none-eabi/5.4.1/armv6-m/crtbegin.o
LOAD /usr/lib/gcc/arm-none-eabi/5.4.1/../../../arm-none-eabi/lib/armv6-m/crt0.o
LOAD build/main.o
LOAD build/stm32f0xx_it.o
LOAD build/stm32f0xx_hal_msp.o
LOAD build/stm32f0xx_hal_tim.o
LOAD build/stm32f0xx_hal_tim_ex.o
LOAD build/stm32f0xx_hal_rcc.o
LOAD build/stm32f0xx_hal_rcc_ex.o
LOAD build/stm32f0xx_hal.o
LOAD build/stm32f0xx_hal_i2c.o
LOAD build/stm32f0xx_hal_i2c_ex.o
LOAD build/stm32f0xx_hal_gpio.o
LOAD build/stm32f0xx_hal_dma.o
LOAD build/stm32f0xx_hal_cortex.o
LOAD build/stm32f0xx_hal_pwr.o
LOAD build/stm32f0xx_hal_pwr_ex.o
LOAD build/stm32f0xx_hal_flash.o
LOAD build/stm32f0xx_hal_flash_ex.o
LOAD build/system_stm32f0xx.o
LOAD build/startup_stm32f030x6.o
LOAD /usr/lib/gcc/arm-none-eabi/5.4.1/../../../arm-none-eabi/lib/armv6-m/libc_nano.a
LOAD /usr/lib/gcc/arm-none-eabi/5.4.1/../../../arm-none-eabi/lib/armv6-m/libm.a
LOAD /usr/lib/gcc/arm-none-eabi/5.4.1/../../../arm-none-eabi/lib/armv6-m/libnosys.a
START GROUP
LOAD /usr/lib/gcc/arm-none-eabi/5.4.1/armv6-m/libgcc.a
LOAD /usr/lib/gcc/arm-none-eabi/5.4.1/../../../arm-none-eabi/lib/armv6-m/libc_nano.a
END GROUP
START GROUP
LOAD /usr/lib/gcc/arm-none-eabi/5.4.1/armv6-m/libgcc.a
LOAD /usr/lib/gcc/arm-none-eabi/5.4.1/../../../arm-none-eabi/lib/armv6-m/libc_nano.a
END GROUP
LOAD /usr/lib/gcc/arm-none-eabi/5.4.1/armv6-m/crtend.o
LOAD /usr/lib/gcc/arm-none-eabi/5.4.1/armv6-m/crtn.o
                0x0000000020001000                _estack = 0x20001000
                0x0000000000000200                _Min_Heap_Size = 0x200
                0x0000000000000400                _Min_Stack_Size = 0x400

.isr_vector     0x0000000008000000       0xc0
                0x0000000008000000                . = ALIGN (0x4)
 *(.isr_vector)
 .isr_vector    0x0000000008000000       0xc0 build/startup_stm32f030x6.o
                0x0000000008000000                g_pfnVectors
                0x00000000080000c0                . = ALIGN (0x4)

.text           0x00000000080000c0      0xe04
                0x00000000080000c0                . = ALIGN (0x4)
 *(.text)
 .text          0x00000000080000c0       0xb4 /usr/lib/gcc/arm-none-eabi/5.4.1/armv6-m/crtbegin.o
 .text          0x0000000008000174       0x48 /usr/lib/gcc/arm-none-eabi/5.4.1/../../../arm-none-eabi/lib/armv6-m/libc_nano.a(lib_a-init.o)
                0x0000000008000174                __libc_init_array
 .text          0x00000000080001bc       0x7c /usr/lib/gcc/arm-none-eabi/5.4.1/../../../arm-none-eabi/lib/armv6-m/libc_nano.a(lib_a-memcpy-stub.o)
                0x00000000080001bc                memcpy
 .text          0x0000000008000238       0x8c /usr/lib/gcc/arm-none-eabi/5.4.1/../../../arm-none-eabi/lib/armv6-m/libc_nano.a(lib_a-memset.o)
                0x0000000008000238                memset
 .text          0x00000000080002c4      0x114 /usr/lib/gcc/arm-none-eabi/5.4.1/armv6-m/libgcc.a(_udivsi3.o)
                0x00000000080002c4                __udivsi3
                0x00000000080002c4                __aeabi_uidiv
                0x00000000080003d0                __aeabi_uidivmod
 .text          0x00000000080003d8        0x4 /usr/lib/gcc/arm-none-eabi/5.4.1/armv6-m/libgcc.a(_dvmd_tls.o)
                0x00000000080003d8                __aeabi_ldiv0
                0x00000000080003d8                __aeabi_idiv0
 *(.text*)
 .text.MX_GPIO_Init
                0x00000000080003dc       0x50 build/main.o
 .text.SystemClock_Config
                0x000000000800042c       0x44 build/main.o
                0x000000000800042c                SystemClock_Config
 .text.main     0x0000000008000470       0x38 build/main.o
                0x0000000008000470                main
 .text.NMI_Handler
                0x00000000080004a8        0x4 build/stm32f0xx_it.o
                0x00000000080004a8                NMI_Handler
 .text.HardFault_Handler
                0x00000000080004ac        0x4 build/stm32f0xx_it.o
                0x00000000080004ac                HardFault_Handler
 .text.SVC_Handler
                0x00000000080004b0        0x4 build/stm32f0xx_it.o
                0x00000000080004b0                SVC_Handler
 .text.PendSV_Handler
                0x00000000080004b4        0x4 build/stm32f0xx_it.o
                0x00000000080004b4                PendSV_Handler
 .text.SysTick_Handler
                0x00000000080004b8        0x8 build/stm32f0xx_it.o
                0x00000000080004b8                SysTick_Handler
 .text.HAL_MspInit
                0x00000000080004c0       0x30 build/stm32f0xx_hal_msp.o
                0x00000000080004c0                HAL_MspInit
 .text.HAL_RCC_OscConfig
                0x00000000080004f0      0x480 build/stm32f0xx_hal_rcc.o
                0x00000000080004f0                HAL_RCC_OscConfig
 .text.HAL_RCC_GetSysClockFreq
                0x0000000008000970       0x68 build/stm32f0xx_hal_rcc.o
                0x0000000008000970                HAL_RCC_GetSysClockFreq
 .text.HAL_RCC_ClockConfig
                0x00000000080009d8      0x160 build/stm32f0xx_hal_rcc.o
                0x00000000080009d8                HAL_RCC_ClockConfig
 .text.HAL_RCC_GetHCLKFreq
                0x0000000008000b38        0xc build/stm32f0xx_hal_rcc.o
                0x0000000008000b38                HAL_RCC_GetHCLKFreq
 .text.HAL_InitTick
                0x0000000008000b44       0x24 build/stm32f0xx_hal.o
                0x0000000008000b44                HAL_InitTick
 .text.HAL_Init
                0x0000000008000b68       0x20 build/stm32f0xx_hal.o
                0x0000000008000b68                HAL_Init
 .text.HAL_IncTick
                0x0000000008000b88       0x10 build/stm32f0xx_hal.o
                0x0000000008000b88                HAL_IncTick
 .text.HAL_GetTick
                0x0000000008000b98        0xc build/stm32f0xx_hal.o
                0x0000000008000b98                HAL_GetTick
 .text.HAL_Delay
                0x0000000008000ba4       0x24 build/stm32f0xx_hal.o
                0x0000000008000ba4                HAL_Delay
 .text.HAL_GPIO_Init
                0x0000000008000bc8      0x188 build/stm32f0xx_hal_gpio.o
                0x0000000008000bc8                HAL_GPIO_Init
 .text.HAL_GPIO_WritePin
                0x0000000008000d50        0xc build/stm32f0xx_hal_gpio.o
                0x0000000008000d50                HAL_GPIO_WritePin
 .text.HAL_NVIC_SetPriority
                0x0000000008000d5c       0x64 build/stm32f0xx_hal_cortex.o
                0x0000000008000d5c                HAL_NVIC_SetPriority
 .text.HAL_SYSTICK_Config
                0x0000000008000dc0       0x38 build/stm32f0xx_hal_cortex.o
                0x0000000008000dc0                HAL_SYSTICK_Config
 .text.SystemInit
                0x0000000008000df8       0x60 build/system_stm32f0xx.o
                0x0000000008000df8                SystemInit
 .text.Reset_Handler
                0x0000000008000e58       0x50 build/startup_stm32f030x6.o
                0x0000000008000e58                Reset_Handler
 .text.Default_Handler
                0x0000000008000ea8        0x2 build/startup_stm32f030x6.o
                0x0000000008000ea8                TIM1_CC_IRQHandler
                0x0000000008000ea8                I2C1_IRQHandler
                0x0000000008000ea8                SPI1_IRQHandler
                0x0000000008000ea8                EXTI2_3_IRQHandler
                0x0000000008000ea8                ADC1_IRQHandler
                0x0000000008000ea8                TIM17_IRQHandler
                0x0000000008000ea8                RTC_IRQHandler
                0x0000000008000ea8                TIM16_IRQHandler
                0x0000000008000ea8                TIM3_IRQHandler
                0x0000000008000ea8                EXTI4_15_IRQHandler
                0x0000000008000ea8                RCC_IRQHandler
                0x0000000008000ea8                DMA1_Channel1_IRQHandler
                0x0000000008000ea8                Default_Handler
                0x0000000008000ea8                TIM14_IRQHandler
                0x0000000008000ea8                DMA1_Channel4_5_IRQHandler
                0x0000000008000ea8                EXTI0_1_IRQHandler
                0x0000000008000ea8                WWDG_IRQHandler
                0x0000000008000ea8                DMA1_Channel2_3_IRQHandler
                0x0000000008000ea8                FLASH_IRQHandler
                0x0000000008000ea8                USART1_IRQHandler
                0x0000000008000ea8                TIM1_BRK_UP_TRG_COM_IRQHandler
 *(.glue_7)
 .glue_7        0x0000000008000eaa        0x0 linker stubs
 *(.glue_7t)
 .glue_7t       0x0000000008000eaa        0x0 linker stubs
 *(.eh_frame)
 *fill*         0x0000000008000eaa        0x2 
 .eh_frame      0x0000000008000eac        0x0 /usr/lib/gcc/arm-none-eabi/5.4.1/armv6-m/crtbegin.o
 *(.init)
 .init          0x0000000008000eac        0x4 /usr/lib/gcc/arm-none-eabi/5.4.1/armv6-m/crti.o
                0x0000000008000eac                _init
 .init          0x0000000008000eb0        0x8 /usr/lib/gcc/arm-none-eabi/5.4.1/armv6-m/crtn.o
 *(.fini)
 .fini          0x0000000008000eb8        0x4 /usr/lib/gcc/arm-none-eabi/5.4.1/armv6-m/crti.o
                0x0000000008000eb8                _fini
 .fini          0x0000000008000ebc        0x8 /usr/lib/gcc/arm-none-eabi/5.4.1/armv6-m/crtn.o
                0x0000000008000ec4                . = ALIGN (0x4)
                0x0000000008000ec4                _etext = .

.vfp11_veneer   0x0000000008000ec4        0x0
 .vfp11_veneer  0x0000000008000ec4        0x0 linker stubs

.v4_bx          0x0000000008000ec4        0x0
 .v4_bx         0x0000000008000ec4        0x0 linker stubs

.iplt           0x0000000008000ec4        0x0
 .iplt          0x0000000008000ec4        0x0 /usr/lib/gcc/arm-none-eabi/5.4.1/armv6-m/crtbegin.o

.rodata         0x0000000008000ec4       0x30
                0x0000000008000ec4                . = ALIGN (0x4)
 *(.rodata)
 .rodata        0x0000000008000ec4       0x20 build/stm32f0xx_hal_rcc.o
 *(.rodata*)
 .rodata.AHBPrescTable
                0x0000000008000ee4       0x10 build/system_stm32f0xx.o
                0x0000000008000ee4                AHBPrescTable
                0x0000000008000ef4                . = ALIGN (0x4)

.rel.dyn        0x0000000008000ef4        0x0
 .rel.iplt      0x0000000008000ef4        0x0 /usr/lib/gcc/arm-none-eabi/5.4.1/armv6-m/crtbegin.o

.ARM.extab
 *(.ARM.extab* .gnu.linkonce.armextab.*)

.ARM            0x0000000008000ef4        0x0
                0x0000000008000ef4                __exidx_start = .
 *(.ARM.exidx*)
                0x0000000008000ef4                __exidx_end = .

.preinit_array  0x0000000008000ef4        0x0
                0x0000000008000ef4                PROVIDE (__preinit_array_start, .)
 *(.preinit_array*)
                0x0000000008000ef4                PROVIDE (__preinit_array_end, .)

.init_array     0x0000000008000ef4        0x4
                0x0000000008000ef4                PROVIDE (__init_array_start, .)
 *(SORT(.init_array.*))
 *(.init_array*)
 .init_array    0x0000000008000ef4        0x4 /usr/lib/gcc/arm-none-eabi/5.4.1/armv6-m/crtbegin.o
                0x0000000008000ef8                PROVIDE (__init_array_end, .)

.fini_array     0x0000000008000ef8        0x4
                0x0000000008000ef8                PROVIDE (__fini_array_start, .)
 *(SORT(.fini_array.*))
 *(.fini_array*)
 .fini_array    0x0000000008000ef8        0x4 /usr/lib/gcc/arm-none-eabi/5.4.1/armv6-m/crtbegin.o
                0x0000000008000efc                PROVIDE (__fini_array_end, .)
                0x0000000008000efc                _sidata = LOADADDR (.data)

.data           0x0000000020000000        0x4 load address 0x0000000008000efc
                0x0000000020000000                . = ALIGN (0x4)
                0x0000000020000000                _sdata = .
 *(.data)
 *(.data*)
 .data.SystemCoreClock
                0x0000000020000000        0x4 build/system_stm32f0xx.o
                0x0000000020000000                SystemCoreClock
                0x0000000020000004                . = ALIGN (0x4)
                0x0000000020000004                _edata = .

.jcr            0x0000000020000004        0x0 load address 0x0000000008000f00
 .jcr           0x0000000020000004        0x0 /usr/lib/gcc/arm-none-eabi/5.4.1/armv6-m/crtbegin.o

.tm_clone_table
                0x0000000020000004        0x0 load address 0x0000000008000f00
 .tm_clone_table
                0x0000000020000004        0x0 /usr/lib/gcc/arm-none-eabi/5.4.1/armv6-m/crtbegin.o
 .tm_clone_table
                0x0000000020000004        0x0 /usr/lib/gcc/arm-none-eabi/5.4.1/armv6-m/crtend.o

.igot.plt       0x0000000020000004        0x0 load address 0x0000000008000f00
 .igot.plt      0x0000000020000004        0x0 /usr/lib/gcc/arm-none-eabi/5.4.1/armv6-m/crtbegin.o
                0x0000000020000004                . = ALIGN (0x4)

.bss            0x0000000020000004       0x20 load address 0x0000000008000f00
                0x0000000020000004                _sbss = .
                0x0000000020000004                __bss_start__ = _sbss
 *(.bss)
 .bss           0x0000000020000004       0x1c /usr/lib/gcc/arm-none-eabi/5.4.1/armv6-m/crtbegin.o
 *(.bss*)
 *(COMMON)
 COMMON         0x0000000020000020        0x4 build/stm32f0xx_hal.o
                0x0000000020000020                uwTick
                0x0000000020000024                . = ALIGN (0x4)
                0x0000000020000024                _ebss = .
                0x0000000020000024                __bss_end__ = _ebss

._user_heap_stack
                0x0000000020000024      0x604 load address 0x0000000008000f00
                0x0000000020000028                . = ALIGN (0x8)
 *fill*         0x0000000020000024        0x4 
                [!provide]                        PROVIDE (end, .)
                [!provide]                        PROVIDE (_end, .)
                0x0000000020000228                . = (. + _Min_Heap_Size)
 *fill*         0x0000000020000028      0x200 
                0x0000000020000628                . = (. + _Min_Stack_Size)
 *fill*         0x0000000020000228      0x400 
                0x0000000020000628                . = ALIGN (0x8)

/DISCARD/
 libc.a(*)
 libm.a(*)
 libgcc.a(*)

.ARM.attributes
                0x0000000000000000       0x28
 *(.ARM.attributes)
 .ARM.attributes
                0x0000000000000000       0x1e /usr/lib/gcc/arm-none-eabi/5.4.1/armv6-m/crti.o
 .ARM.attributes
                0x000000000000001e       0x2c /usr/lib/gcc/arm-none-eabi/5.4.1/armv6-m/crtbegin.o
 .ARM.attributes
                0x000000000000004a       0x31 build/main.o
 .ARM.attributes
                0x000000000000007b       0x31 build/stm32f0xx_it.o
 .ARM.attributes
                0x00000000000000ac       0x31 build/stm32f0xx_hal_msp.o
 .ARM.attributes
                0x00000000000000dd       0x31 build/stm32f0xx_hal_rcc.o
 .ARM.attributes
                0x000000000000010e       0x31 build/stm32f0xx_hal.o
 .ARM.attributes
                0x000000000000013f       0x31 build/stm32f0xx_hal_gpio.o
 .ARM.attributes
                0x0000000000000170       0x31 build/stm32f0xx_hal_cortex.o
 .ARM.attributes
                0x00000000000001a1       0x31 build/system_stm32f0xx.o
 .ARM.attributes
                0x00000000000001d2       0x21 build/startup_stm32f030x6.o
 .ARM.attributes
                0x00000000000001f3       0x2c /usr/lib/gcc/arm-none-eabi/5.4.1/../../../arm-none-eabi/lib/armv6-m/libc_nano.a(lib_a-init.o)
 .ARM.attributes
                0x000000000000021f       0x2c /usr/lib/gcc/arm-none-eabi/5.4.1/../../../arm-none-eabi/lib/armv6-m/libc_nano.a(lib_a-memcpy-stub.o)
 .ARM.attributes
                0x000000000000024b       0x2c /usr/lib/gcc/arm-none-eabi/5.4.1/../../../arm-none-eabi/lib/armv6-m/libc_nano.a(lib_a-memset.o)
 .ARM.attributes
                0x0000000000000277       0x1e /usr/lib/gcc/arm-none-eabi/5.4.1/armv6-m/libgcc.a(_udivsi3.o)
 .ARM.attributes
                0x0000000000000295       0x1e /usr/lib/gcc/arm-none-eabi/5.4.1/armv6-m/libgcc.a(_dvmd_tls.o)
 .ARM.attributes
                0x00000000000002b3       0x2c /usr/lib/gcc/arm-none-eabi/5.4.1/armv6-m/crtend.o
 .ARM.attributes
                0x00000000000002df       0x1e /usr/lib/gcc/arm-none-eabi/5.4.1/armv6-m/crtn.o
OUTPUT(build/app.elf elf32-littlearm)

.comment        0x0000000000000000       0x2b
 .comment       0x0000000000000000       0x2b /usr/lib/gcc/arm-none-eabi/5.4.1/armv6-m/crtbegin.o
                                         0x2c (size before relaxing)
 .comment       0x000000000000002b       0x2c build/main.o
 .comment       0x000000000000002b       0x2c build/stm32f0xx_it.o
 .comment       0x000000000000002b       0x2c build/stm32f0xx_hal_msp.o
 .comment       0x000000000000002b       0x2c build/stm32f0xx_hal_rcc.o
 .comment       0x000000000000002b       0x2c build/stm32f0xx_hal.o
 .comment       0x000000000000002b       0x2c build/stm32f0xx_hal_gpio.o
 .comment       0x000000000000002b       0x2c build/stm32f0xx_hal_cortex.o
 .comment       0x000000000000002b       0x2c build/system_stm32f0xx.o
 .comment       0x000000000000002b       0x2c /usr/lib/gcc/arm-none-eabi/5.4.1/../../../arm-none-eabi/lib/armv6-m/libc_nano.a(lib_a-init.o)
 .comment       0x000000000000002b       0x2c /usr/lib/gcc/arm-none-eabi/5.4.1/../../../arm-none-eabi/lib/armv6-m/libc_nano.a(lib_a-memcpy-stub.o)
 .comment       0x000000000000002b       0x2c /usr/lib/gcc/arm-none-eabi/5.4.1/../../../arm-none-eabi/lib/armv6-m/libc_nano.a(lib_a-memset.o)
 .comment       0x000000000000002b       0x2c /usr/lib/gcc/arm-none-eabi/5.4.1/armv6-m/crtend.o

.debug_info     0x0000000000000000     0x2f52
 .debug_info    0x0000000000000000      0x662 build/main.o
 .debug_info    0x0000000000000662      0x10c build/stm32f0xx_it.o
 .debug_info    0x000000000000076e      0x1d2 build/stm32f0xx_hal_msp.o
 .debug_info    0x0000000000000940      0xa2a build/stm32f0xx_hal_rcc.o
 .debug_info    0x000000000000136a      0x65b build/stm32f0xx_hal.o
 .debug_info    0x00000000000019c5      0x649 build/stm32f0xx_hal_gpio.o
 .debug_info    0x000000000000200e      0x7b2 build/stm32f0xx_hal_cortex.o
 .debug_info    0x00000000000027c0      0x273 build/system_stm32f0xx.o
 .debug_info    0x0000000000002a33       0x3d build/startup_stm32f030x6.o
 .debug_info    0x0000000000002a70      0x110 /usr/lib/gcc/arm-none-eabi/5.4.1/../../../arm-none-eabi/lib/armv6-m/libc_nano.a(lib_a-init.o)
 .debug_info    0x0000000000002b80      0x142 /usr/lib/gcc/arm-none-eabi/5.4.1/../../../arm-none-eabi/lib/armv6-m/libc_nano.a(lib_a-memcpy-stub.o)
 .debug_info    0x0000000000002cc2      0x11e /usr/lib/gcc/arm-none-eabi/5.4.1/../../../arm-none-eabi/lib/armv6-m/libc_nano.a(lib_a-memset.o)
 .debug_info    0x0000000000002de0       0xb9 /usr/lib/gcc/arm-none-eabi/5.4.1/armv6-m/libgcc.a(_udivsi3.o)
 .debug_info    0x0000000000002e99       0xb9 /usr/lib/gcc/arm-none-eabi/5.4.1/armv6-m/libgcc.a(_dvmd_tls.o)

.debug_abbrev   0x0000000000000000      0xebe
 .debug_abbrev  0x0000000000000000      0x19f build/main.o
 .debug_abbrev  0x000000000000019f       0x96 build/stm32f0xx_it.o
 .debug_abbrev  0x0000000000000235       0xb3 build/stm32f0xx_hal_msp.o
 .debug_abbrev  0x00000000000002e8      0x24c build/stm32f0xx_hal_rcc.o
 .debug_abbrev  0x0000000000000534      0x1f8 build/stm32f0xx_hal.o
 .debug_abbrev  0x000000000000072c      0x209 build/stm32f0xx_hal_gpio.o
 .debug_abbrev  0x0000000000000935      0x252 build/stm32f0xx_hal_cortex.o
 .debug_abbrev  0x0000000000000b87       0xf2 build/system_stm32f0xx.o
 .debug_abbrev  0x0000000000000c79       0x12 build/startup_stm32f030x6.o
 .debug_abbrev  0x0000000000000c8b       0xba /usr/lib/gcc/arm-none-eabi/5.4.1/../../../arm-none-eabi/lib/armv6-m/libc_nano.a(lib_a-init.o)
 .debug_abbrev  0x0000000000000d45       0xb2 /usr/lib/gcc/arm-none-eabi/5.4.1/../../../arm-none-eabi/lib/armv6-m/libc_nano.a(lib_a-memcpy-stub.o)
 .debug_abbrev  0x0000000000000df7       0x9f /usr/lib/gcc/arm-none-eabi/5.4.1/../../../arm-none-eabi/lib/armv6-m/libc_nano.a(lib_a-memset.o)
 .debug_abbrev  0x0000000000000e96       0x14 /usr/lib/gcc/arm-none-eabi/5.4.1/armv6-m/libgcc.a(_udivsi3.o)
 .debug_abbrev  0x0000000000000eaa       0x14 /usr/lib/gcc/arm-none-eabi/5.4.1/armv6-m/libgcc.a(_dvmd_tls.o)

.debug_loc      0x0000000000000000     0x158b
 .debug_loc     0x0000000000000000       0x79 build/main.o
 .debug_loc     0x0000000000000079       0x20 build/stm32f0xx_it.o
 .debug_loc     0x0000000000000099       0x20 build/stm32f0xx_hal_msp.o
 .debug_loc     0x00000000000000b9      0x5d3 build/stm32f0xx_hal_rcc.o
 .debug_loc     0x000000000000068c      0x108 build/stm32f0xx_hal.o
 .debug_loc     0x0000000000000794      0x360 build/stm32f0xx_hal_gpio.o
 .debug_loc     0x0000000000000af4      0x3db build/stm32f0xx_hal_cortex.o
 .debug_loc     0x0000000000000ecf      0x11e build/system_stm32f0xx.o
 .debug_loc     0x0000000000000fed       0x84 /usr/lib/gcc/arm-none-eabi/5.4.1/../../../arm-none-eabi/lib/armv6-m/libc_nano.a(lib_a-init.o)
 .debug_loc     0x0000000000001071      0x34a /usr/lib/gcc/arm-none-eabi/5.4.1/../../../arm-none-eabi/lib/armv6-m/libc_nano.a(lib_a-memcpy-stub.o)
 .debug_loc     0x00000000000013bb      0x1d0 /usr/lib/gcc/arm-none-eabi/5.4.1/../../../arm-none-eabi/lib/armv6-m/libc_nano.a(lib_a-memset.o)

.debug_aranges  0x0000000000000000      0x390
 .debug_aranges
                0x0000000000000000       0x38 build/main.o
 .debug_aranges
                0x0000000000000038       0x40 build/stm32f0xx_it.o
 .debug_aranges
                0x0000000000000078       0x20 build/stm32f0xx_hal_msp.o
 .debug_aranges
                0x0000000000000098       0x80 build/stm32f0xx_hal_rcc.o
 .debug_aranges
                0x0000000000000118       0xb8 build/stm32f0xx_hal.o
 .debug_aranges
                0x00000000000001d0       0x58 build/stm32f0xx_hal_gpio.o
 .debug_aranges
                0x0000000000000228       0x78 build/stm32f0xx_hal_cortex.o
 .debug_aranges
                0x00000000000002a0       0x28 build/system_stm32f0xx.o
 .debug_aranges
                0x00000000000002c8       0x28 build/startup_stm32f030x6.o
 .debug_aranges
                0x00000000000002f0       0x20 /usr/lib/gcc/arm-none-eabi/5.4.1/../../../arm-none-eabi/lib/armv6-m/libc_nano.a(lib_a-init.o)
 .debug_aranges
                0x0000000000000310       0x20 /usr/lib/gcc/arm-none-eabi/5.4.1/../../../arm-none-eabi/lib/armv6-m/libc_nano.a(lib_a-memcpy-stub.o)
 .debug_aranges
                0x0000000000000330       0x20 /usr/lib/gcc/arm-none-eabi/5.4.1/../../../arm-none-eabi/lib/armv6-m/libc_nano.a(lib_a-memset.o)
 .debug_aranges
                0x0000000000000350       0x20 /usr/lib/gcc/arm-none-eabi/5.4.1/armv6-m/libgcc.a(_udivsi3.o)
 .debug_aranges
                0x0000000000000370       0x20 /usr/lib/gcc/arm-none-eabi/5.4.1/armv6-m/libgcc.a(_dvmd_tls.o)

.debug_ranges   0x0000000000000000      0x280
 .debug_ranges  0x0000000000000000       0x28 build/main.o
 .debug_ranges  0x0000000000000028       0x30 build/stm32f0xx_it.o
 .debug_ranges  0x0000000000000058       0x10 build/stm32f0xx_hal_msp.o
 .debug_ranges  0x0000000000000068       0x88 build/stm32f0xx_hal_rcc.o
 .debug_ranges  0x00000000000000f0       0xa8 build/stm32f0xx_hal.o
 .debug_ranges  0x0000000000000198       0x48 build/stm32f0xx_hal_gpio.o
 .debug_ranges  0x00000000000001e0       0x68 build/stm32f0xx_hal_cortex.o
 .debug_ranges  0x0000000000000248       0x18 build/system_stm32f0xx.o
 .debug_ranges  0x0000000000000260       0x20 build/startup_stm32f030x6.o

.debug_line     0x0000000000000000     0x1455
 .debug_line    0x0000000000000000      0x1a6 build/main.o
 .debug_line    0x00000000000001a6       0xbc build/stm32f0xx_it.o
 .debug_line    0x0000000000000262       0xdb build/stm32f0xx_hal_msp.o
 .debug_line    0x000000000000033d      0x416 build/stm32f0xx_hal_rcc.o
 .debug_line    0x0000000000000753      0x2e4 build/stm32f0xx_hal.o
 .debug_line    0x0000000000000a37      0x285 build/stm32f0xx_hal_gpio.o
 .debug_line    0x0000000000000cbc      0x26f build/stm32f0xx_hal_cortex.o
 .debug_line    0x0000000000000f2b      0x108 build/system_stm32f0xx.o
 .debug_line    0x0000000000001033       0x78 build/startup_stm32f030x6.o
 .debug_line    0x00000000000010ab       0xc0 /usr/lib/gcc/arm-none-eabi/5.4.1/../../../arm-none-eabi/lib/armv6-m/libc_nano.a(lib_a-init.o)
 .debug_line    0x000000000000116b      0x11e /usr/lib/gcc/arm-none-eabi/5.4.1/../../../arm-none-eabi/lib/armv6-m/libc_nano.a(lib_a-memcpy-stub.o)
 .debug_line    0x0000000000001289      0x104 /usr/lib/gcc/arm-none-eabi/5.4.1/../../../arm-none-eabi/lib/armv6-m/libc_nano.a(lib_a-memset.o)
 .debug_line    0x000000000000138d       0x6a /usr/lib/gcc/arm-none-eabi/5.4.1/armv6-m/libgcc.a(_udivsi3.o)
 .debug_line    0x00000000000013f7       0x5e /usr/lib/gcc/arm-none-eabi/5.4.1/armv6-m/libgcc.a(_dvmd_tls.o)

.debug_str      0x0000000000000000      0xfa4
 .debug_str     0x0000000000000000      0x3a0 build/main.o
                                        0x3f0 (size before relaxing)
 .debug_str     0x00000000000003a0       0x68 build/stm32f0xx_it.o
                                        0x16f (size before relaxing)
 .debug_str     0x0000000000000408       0x24 build/stm32f0xx_hal_msp.o
                                        0x199 (size before relaxing)
 .debug_str     0x000000000000042c      0x247 build/stm32f0xx_hal_rcc.o
                                        0x5bd (size before relaxing)
 .debug_str     0x0000000000000673      0x306 build/stm32f0xx_hal.o
                                        0x53d (size before relaxing)
 .debug_str     0x0000000000000979      0x123 build/stm32f0xx_hal_gpio.o
                                        0x39f (size before relaxing)
 .debug_str     0x0000000000000a9c      0x1f5 build/stm32f0xx_hal_cortex.o
                                        0x545 (size before relaxing)
 .debug_str     0x0000000000000c91       0x57 build/system_stm32f0xx.o
                                        0x203 (size before relaxing)
 .debug_str     0x0000000000000ce8      0x155 /usr/lib/gcc/arm-none-eabi/5.4.1/../../../arm-none-eabi/lib/armv6-m/libc_nano.a(lib_a-init.o)
                                        0x1f3 (size before relaxing)
 .debug_str     0x0000000000000e3d       0xc6 /usr/lib/gcc/arm-none-eabi/5.4.1/../../../arm-none-eabi/lib/armv6-m/libc_nano.a(lib_a-memcpy-stub.o)
                                        0x1cd (size before relaxing)
 .debug_str     0x0000000000000f03       0xa1 /usr/lib/gcc/arm-none-eabi/5.4.1/../../../arm-none-eabi/lib/armv6-m/libc_nano.a(lib_a-memset.o)
                                        0x1a8 (size before relaxing)

.debug_frame    0x0000000000000000      0x67c
 .debug_frame   0x0000000000000000       0x78 build/main.o
 .debug_frame   0x0000000000000078       0x6c build/stm32f0xx_it.o
 .debug_frame   0x00000000000000e4       0x24 build/stm32f0xx_hal_msp.o
 .debug_frame   0x0000000000000108      0x148 build/stm32f0xx_hal_rcc.o
 .debug_frame   0x0000000000000250      0x184 build/stm32f0xx_hal.o
 .debug_frame   0x00000000000003d4       0xdc build/stm32f0xx_hal_gpio.o
 .debug_frame   0x00000000000004b0       0xec build/stm32f0xx_hal_cortex.o
 .debug_frame   0x000000000000059c       0x3c build/system_stm32f0xx.o
 .debug_frame   0x00000000000005d8       0x2c /usr/lib/gcc/arm-none-eabi/5.4.1/../../../arm-none-eabi/lib/armv6-m/libc_nano.a(lib_a-init.o)
 .debug_frame   0x0000000000000604       0x2c /usr/lib/gcc/arm-none-eabi/5.4.1/../../../arm-none-eabi/lib/armv6-m/libc_nano.a(lib_a-memcpy-stub.o)
 .debug_frame   0x0000000000000630       0x2c /usr/lib/gcc/arm-none-eabi/5.4.1/../../../arm-none-eabi/lib/armv6-m/libc_nano.a(lib_a-memset.o)
 .debug_frame   0x000000000000065c       0x20 /usr/lib/gcc/arm-none-eabi/5.4.1/armv6-m/libgcc.a(_udivsi3.o)

Cross Reference Table

Symbol                                            File
ADC1_IRQHandler                                   build/startup_stm32f030x6.o
AHBPrescTable                                     build/system_stm32f0xx.o
                                                  build/stm32f0xx_hal_rcc.o
APBPrescTable                                     build/system_stm32f0xx.o
                                                  build/stm32f0xx_hal_rcc.o
DMA1_Channel1_IRQHandler                          build/startup_stm32f030x6.o
DMA1_Channel2_3_IRQHandler                        build/startup_stm32f030x6.o
DMA1_Channel4_5_IRQHandler                        build/startup_stm32f030x6.o
Default_Handler                                   build/startup_stm32f030x6.o
EXTI0_1_IRQHandler                                build/startup_stm32f030x6.o
EXTI2_3_IRQHandler                                build/startup_stm32f030x6.o
EXTI4_15_IRQHandler                               build/startup_stm32f030x6.o
Error_Handler                                     build/main.o
FLASH_IRQHandler                                  build/startup_stm32f030x6.o
FLASH_PageErase                                   build/stm32f0xx_hal_flash_ex.o
                                                  build/stm32f0xx_hal_flash.o
FLASH_WaitForLastOperation                        build/stm32f0xx_hal_flash.o
                                                  build/stm32f0xx_hal_flash_ex.o
HAL_DBGMCU_DisableDBGStandbyMode                  build/stm32f0xx_hal.o
HAL_DBGMCU_DisableDBGStopMode                     build/stm32f0xx_hal.o
HAL_DBGMCU_EnableDBGStandbyMode                   build/stm32f0xx_hal.o
HAL_DBGMCU_EnableDBGStopMode                      build/stm32f0xx_hal.o
HAL_DMA_Abort                                     build/stm32f0xx_hal_dma.o
HAL_DMA_Abort_IT                                  build/stm32f0xx_hal_dma.o
                                                  build/stm32f0xx_hal_i2c.o
HAL_DMA_DeInit                                    build/stm32f0xx_hal_dma.o
HAL_DMA_GetError                                  build/stm32f0xx_hal_dma.o
HAL_DMA_GetState                                  build/stm32f0xx_hal_dma.o
HAL_DMA_IRQHandler                                build/stm32f0xx_hal_dma.o
HAL_DMA_Init                                      build/stm32f0xx_hal_dma.o
HAL_DMA_PollForTransfer                           build/stm32f0xx_hal_dma.o
HAL_DMA_RegisterCallback                          build/stm32f0xx_hal_dma.o
HAL_DMA_Start                                     build/stm32f0xx_hal_dma.o
HAL_DMA_Start_IT                                  build/stm32f0xx_hal_dma.o
                                                  build/stm32f0xx_hal_i2c.o
HAL_DMA_UnRegisterCallback                        build/stm32f0xx_hal_dma.o
HAL_DeInit                                        build/stm32f0xx_hal.o
HAL_Delay                                         build/stm32f0xx_hal.o
                                                  build/main.o
HAL_FLASHEx_Erase                                 build/stm32f0xx_hal_flash_ex.o
HAL_FLASHEx_Erase_IT                              build/stm32f0xx_hal_flash_ex.o
HAL_FLASHEx_OBErase                               build/stm32f0xx_hal_flash_ex.o
HAL_FLASHEx_OBGetConfig                           build/stm32f0xx_hal_flash_ex.o
HAL_FLASHEx_OBGetUserData                         build/stm32f0xx_hal_flash_ex.o
HAL_FLASHEx_OBProgram                             build/stm32f0xx_hal_flash_ex.o
HAL_FLASH_EndOfOperationCallback                  build/stm32f0xx_hal_flash.o
HAL_FLASH_GetError                                build/stm32f0xx_hal_flash.o
HAL_FLASH_IRQHandler                              build/stm32f0xx_hal_flash.o
HAL_FLASH_Lock                                    build/stm32f0xx_hal_flash.o
HAL_FLASH_OB_Launch                               build/stm32f0xx_hal_flash.o
HAL_FLASH_OB_Lock                                 build/stm32f0xx_hal_flash.o
HAL_FLASH_OB_Unlock                               build/stm32f0xx_hal_flash.o
HAL_FLASH_OperationErrorCallback                  build/stm32f0xx_hal_flash.o
HAL_FLASH_Program                                 build/stm32f0xx_hal_flash.o
HAL_FLASH_Program_IT                              build/stm32f0xx_hal_flash.o
HAL_FLASH_Unlock                                  build/stm32f0xx_hal_flash.o
HAL_GPIO_DeInit                                   build/stm32f0xx_hal_gpio.o
HAL_GPIO_EXTI_Callback                            build/stm32f0xx_hal_gpio.o
HAL_GPIO_EXTI_IRQHandler                          build/stm32f0xx_hal_gpio.o
HAL_GPIO_Init                                     build/stm32f0xx_hal_gpio.o
                                                  build/stm32f0xx_hal_rcc.o
                                                  build/main.o
HAL_GPIO_LockPin                                  build/stm32f0xx_hal_gpio.o
HAL_GPIO_ReadPin                                  build/stm32f0xx_hal_gpio.o
HAL_GPIO_TogglePin                                build/stm32f0xx_hal_gpio.o
HAL_GPIO_WritePin                                 build/stm32f0xx_hal_gpio.o
                                                  build/main.o
HAL_GetDEVID                                      build/stm32f0xx_hal.o
HAL_GetHalVersion                                 build/stm32f0xx_hal.o
HAL_GetREVID                                      build/stm32f0xx_hal.o
HAL_GetTick                                       build/stm32f0xx_hal.o
                                                  build/stm32f0xx_hal_flash.o
                                                  build/stm32f0xx_hal_dma.o
                                                  build/stm32f0xx_hal_i2c.o
                                                  build/stm32f0xx_hal_rcc_ex.o
                                                  build/stm32f0xx_hal_rcc.o
HAL_GetUIDw0                                      build/stm32f0xx_hal.o
HAL_GetUIDw1                                      build/stm32f0xx_hal.o
HAL_GetUIDw2                                      build/stm32f0xx_hal.o
HAL_I2CEx_ConfigAnalogFilter                      build/stm32f0xx_hal_i2c_ex.o
HAL_I2CEx_ConfigDigitalFilter                     build/stm32f0xx_hal_i2c_ex.o
HAL_I2CEx_DisableFastModePlus                     build/stm32f0xx_hal_i2c_ex.o
HAL_I2CEx_EnableFastModePlus                      build/stm32f0xx_hal_i2c_ex.o
HAL_I2C_AbortCpltCallback                         build/stm32f0xx_hal_i2c.o
HAL_I2C_AddrCallback                              build/stm32f0xx_hal_i2c.o
HAL_I2C_DeInit                                    build/stm32f0xx_hal_i2c.o
HAL_I2C_DisableListen_IT                          build/stm32f0xx_hal_i2c.o
HAL_I2C_ER_IRQHandler                             build/stm32f0xx_hal_i2c.o
HAL_I2C_EV_IRQHandler                             build/stm32f0xx_hal_i2c.o
HAL_I2C_EnableListen_IT                           build/stm32f0xx_hal_i2c.o
HAL_I2C_ErrorCallback                             build/stm32f0xx_hal_i2c.o
HAL_I2C_GetError                                  build/stm32f0xx_hal_i2c.o
HAL_I2C_GetMode                                   build/stm32f0xx_hal_i2c.o
HAL_I2C_GetState                                  build/stm32f0xx_hal_i2c.o
HAL_I2C_Init                                      build/stm32f0xx_hal_i2c.o
HAL_I2C_IsDeviceReady                             build/stm32f0xx_hal_i2c.o
HAL_I2C_ListenCpltCallback                        build/stm32f0xx_hal_i2c.o
HAL_I2C_MasterRxCpltCallback                      build/stm32f0xx_hal_i2c.o
HAL_I2C_MasterTxCpltCallback                      build/stm32f0xx_hal_i2c.o
HAL_I2C_Master_Abort_IT                           build/stm32f0xx_hal_i2c.o
HAL_I2C_Master_Receive                            build/stm32f0xx_hal_i2c.o
HAL_I2C_Master_Receive_DMA                        build/stm32f0xx_hal_i2c.o
HAL_I2C_Master_Receive_IT                         build/stm32f0xx_hal_i2c.o
HAL_I2C_Master_Sequential_Receive_IT              build/stm32f0xx_hal_i2c.o
HAL_I2C_Master_Sequential_Transmit_IT             build/stm32f0xx_hal_i2c.o
HAL_I2C_Master_Transmit                           build/stm32f0xx_hal_i2c.o
HAL_I2C_Master_Transmit_DMA                       build/stm32f0xx_hal_i2c.o
HAL_I2C_Master_Transmit_IT                        build/stm32f0xx_hal_i2c.o
HAL_I2C_MemRxCpltCallback                         build/stm32f0xx_hal_i2c.o
HAL_I2C_MemTxCpltCallback                         build/stm32f0xx_hal_i2c.o
HAL_I2C_Mem_Read                                  build/stm32f0xx_hal_i2c.o
HAL_I2C_Mem_Read_DMA                              build/stm32f0xx_hal_i2c.o
HAL_I2C_Mem_Read_IT                               build/stm32f0xx_hal_i2c.o
HAL_I2C_Mem_Write                                 build/stm32f0xx_hal_i2c.o
HAL_I2C_Mem_Write_DMA                             build/stm32f0xx_hal_i2c.o
HAL_I2C_Mem_Write_IT                              build/stm32f0xx_hal_i2c.o
HAL_I2C_MspDeInit                                 build/stm32f0xx_hal_i2c.o
HAL_I2C_MspInit                                   build/stm32f0xx_hal_i2c.o
HAL_I2C_SlaveRxCpltCallback                       build/stm32f0xx_hal_i2c.o
HAL_I2C_SlaveTxCpltCallback                       build/stm32f0xx_hal_i2c.o
HAL_I2C_Slave_Receive                             build/stm32f0xx_hal_i2c.o
HAL_I2C_Slave_Receive_DMA                         build/stm32f0xx_hal_i2c.o
HAL_I2C_Slave_Receive_IT                          build/stm32f0xx_hal_i2c.o
HAL_I2C_Slave_Sequential_Receive_IT               build/stm32f0xx_hal_i2c.o
HAL_I2C_Slave_Sequential_Transmit_IT              build/stm32f0xx_hal_i2c.o
HAL_I2C_Slave_Transmit                            build/stm32f0xx_hal_i2c.o
HAL_I2C_Slave_Transmit_DMA                        build/stm32f0xx_hal_i2c.o
HAL_I2C_Slave_Transmit_IT                         build/stm32f0xx_hal_i2c.o
HAL_IncTick                                       build/stm32f0xx_hal.o
                                                  build/stm32f0xx_it.o
HAL_Init                                          build/stm32f0xx_hal.o
                                                  build/main.o
HAL_InitTick                                      build/stm32f0xx_hal.o
                                                  build/stm32f0xx_hal_rcc.o
HAL_MspDeInit                                     build/stm32f0xx_hal.o
HAL_MspInit                                       build/stm32f0xx_hal_msp.o
HAL_NVIC_ClearPendingIRQ                          build/stm32f0xx_hal_cortex.o
HAL_NVIC_DisableIRQ                               build/stm32f0xx_hal_cortex.o
HAL_NVIC_EnableIRQ                                build/stm32f0xx_hal_cortex.o
HAL_NVIC_GetPendingIRQ                            build/stm32f0xx_hal_cortex.o
HAL_NVIC_GetPriority                              build/stm32f0xx_hal_cortex.o
HAL_NVIC_SetPendingIRQ                            build/stm32f0xx_hal_cortex.o
HAL_NVIC_SetPriority                              build/stm32f0xx_hal_cortex.o
                                                  build/stm32f0xx_hal.o
HAL_NVIC_SystemReset                              build/stm32f0xx_hal_cortex.o
HAL_PWR_DeInit                                    build/stm32f0xx_hal_pwr.o
HAL_PWR_DisableBkUpAccess                         build/stm32f0xx_hal_pwr.o
HAL_PWR_DisableSEVOnPend                          build/stm32f0xx_hal_pwr.o
HAL_PWR_DisableSleepOnExit                        build/stm32f0xx_hal_pwr.o
HAL_PWR_DisableWakeUpPin                          build/stm32f0xx_hal_pwr.o
HAL_PWR_EnableBkUpAccess                          build/stm32f0xx_hal_pwr.o
HAL_PWR_EnableSEVOnPend                           build/stm32f0xx_hal_pwr.o
HAL_PWR_EnableSleepOnExit                         build/stm32f0xx_hal_pwr.o
HAL_PWR_EnableWakeUpPin                           build/stm32f0xx_hal_pwr.o
HAL_PWR_EnterSLEEPMode                            build/stm32f0xx_hal_pwr.o
HAL_PWR_EnterSTANDBYMode                          build/stm32f0xx_hal_pwr.o
HAL_PWR_EnterSTOPMode                             build/stm32f0xx_hal_pwr.o
HAL_RCCEx_GetPeriphCLKConfig                      build/stm32f0xx_hal_rcc_ex.o
HAL_RCCEx_GetPeriphCLKFreq                        build/stm32f0xx_hal_rcc_ex.o
HAL_RCCEx_PeriphCLKConfig                         build/stm32f0xx_hal_rcc_ex.o
HAL_RCC_CSSCallback                               build/stm32f0xx_hal_rcc.o
HAL_RCC_ClockConfig                               build/stm32f0xx_hal_rcc.o
                                                  build/main.o
HAL_RCC_DeInit                                    build/stm32f0xx_hal_rcc.o
HAL_RCC_DisableCSS                                build/stm32f0xx_hal_rcc.o
HAL_RCC_EnableCSS                                 build/stm32f0xx_hal_rcc.o
HAL_RCC_GetClockConfig                            build/stm32f0xx_hal_rcc.o
HAL_RCC_GetHCLKFreq                               build/stm32f0xx_hal_rcc.o
                                                  build/stm32f0xx_hal.o
HAL_RCC_GetOscConfig                              build/stm32f0xx_hal_rcc.o
HAL_RCC_GetPCLK1Freq                              build/stm32f0xx_hal_rcc.o
                                                  build/stm32f0xx_hal_rcc_ex.o
HAL_RCC_GetSysClockFreq                           build/stm32f0xx_hal_rcc.o
                                                  build/stm32f0xx_hal_rcc_ex.o
HAL_RCC_MCOConfig                                 build/stm32f0xx_hal_rcc.o
HAL_RCC_NMI_IRQHandler                            build/stm32f0xx_hal_rcc.o
HAL_RCC_OscConfig                                 build/stm32f0xx_hal_rcc.o
                                                  build/main.o
HAL_ResumeTick                                    build/stm32f0xx_hal.o
HAL_SYSTICK_CLKSourceConfig                       build/stm32f0xx_hal_cortex.o
HAL_SYSTICK_Callback                              build/stm32f0xx_hal_cortex.o
HAL_SYSTICK_Config                                build/stm32f0xx_hal_cortex.o
                                                  build/stm32f0xx_hal.o
HAL_SYSTICK_IRQHandler                            build/stm32f0xx_hal_cortex.o
HAL_SuspendTick                                   build/stm32f0xx_hal.o
HardFault_Handler                                 build/stm32f0xx_it.o
I2C1_IRQHandler                                   build/startup_stm32f030x6.o
NMI_Handler                                       build/stm32f0xx_it.o
PendSV_Handler                                    build/stm32f0xx_it.o
RCC_IRQHandler                                    build/startup_stm32f030x6.o
RTC_IRQHandler                                    build/startup_stm32f030x6.o
Reset_Handler                                     build/startup_stm32f030x6.o
SPI1_IRQHandler                                   build/startup_stm32f030x6.o
SVC_Handler                                       build/stm32f0xx_it.o
SysTick_Handler                                   build/stm32f0xx_it.o
SystemClock_Config                                build/main.o
SystemCoreClock                                   build/system_stm32f0xx.o
                                                  build/stm32f0xx_hal_rcc.o
SystemCoreClockUpdate                             build/system_stm32f0xx.o
SystemInit                                        build/system_stm32f0xx.o
                                                  build/startup_stm32f030x6.o
TIM14_IRQHandler                                  build/startup_stm32f030x6.o
TIM16_IRQHandler                                  build/startup_stm32f030x6.o
TIM17_IRQHandler                                  build/startup_stm32f030x6.o
TIM1_BRK_UP_TRG_COM_IRQHandler                    build/startup_stm32f030x6.o
TIM1_CC_IRQHandler                                build/startup_stm32f030x6.o
TIM3_IRQHandler                                   build/startup_stm32f030x6.o
USART1_IRQHandler                                 build/startup_stm32f030x6.o
WWDG_IRQHandler                                   build/startup_stm32f030x6.o
_ITM_deregisterTMCloneTable                       /usr/lib/gcc/arm-none-eabi/5.4.1/armv6-m/crtbegin.o
_ITM_registerTMCloneTable                         /usr/lib/gcc/arm-none-eabi/5.4.1/armv6-m/crtbegin.o
_Jv_RegisterClasses                               /usr/lib/gcc/arm-none-eabi/5.4.1/armv6-m/crtbegin.o
__TMC_END__                                       /usr/lib/gcc/arm-none-eabi/5.4.1/armv6-m/crtend.o
                                                  /usr/lib/gcc/arm-none-eabi/5.4.1/armv6-m/crtbegin.o
__aeabi_idiv0                                     /usr/lib/gcc/arm-none-eabi/5.4.1/armv6-m/libgcc.a(_dvmd_tls.o)
                                                  /usr/lib/gcc/arm-none-eabi/5.4.1/armv6-m/libgcc.a(_udivsi3.o)
__aeabi_ldiv0                                     /usr/lib/gcc/arm-none-eabi/5.4.1/armv6-m/libgcc.a(_dvmd_tls.o)
__aeabi_uidiv                                     /usr/lib/gcc/arm-none-eabi/5.4.1/armv6-m/libgcc.a(_udivsi3.o)
                                                  build/system_stm32f0xx.o
                                                  build/stm32f0xx_hal_dma.o
                                                  build/stm32f0xx_hal.o
                                                  build/stm32f0xx_hal_rcc.o
__aeabi_uidivmod                                  /usr/lib/gcc/arm-none-eabi/5.4.1/armv6-m/libgcc.a(_udivsi3.o)
__atexit_dummy                                    /usr/lib/gcc/arm-none-eabi/5.4.1/../../../arm-none-eabi/lib/armv6-m/libc_nano.a(lib_a-__atexit.o)
__bss_end__                                       /usr/lib/gcc/arm-none-eabi/5.4.1/../../../arm-none-eabi/lib/armv6-m/crt0.o
__bss_start__                                     /usr/lib/gcc/arm-none-eabi/5.4.1/../../../arm-none-eabi/lib/armv6-m/crt0.o
__call_exitprocs                                  /usr/lib/gcc/arm-none-eabi/5.4.1/../../../arm-none-eabi/lib/armv6-m/libc_nano.a(lib_a-__call_atexit.o)
                                                  /usr/lib/gcc/arm-none-eabi/5.4.1/../../../arm-none-eabi/lib/armv6-m/libc_nano.a(lib_a-__atexit.o)
                                                  /usr/lib/gcc/arm-none-eabi/5.4.1/../../../arm-none-eabi/lib/armv6-m/libc_nano.a(lib_a-exit.o)
__deregister_frame_info                           /usr/lib/gcc/arm-none-eabi/5.4.1/armv6-m/crtbegin.o
__dso_handle                                      /usr/lib/gcc/arm-none-eabi/5.4.1/armv6-m/crtbegin.o
__fini_array_end                                  /usr/lib/gcc/arm-none-eabi/5.4.1/../../../arm-none-eabi/lib/armv6-m/libc_nano.a(lib_a-fini.o)
__fini_array_start                                /usr/lib/gcc/arm-none-eabi/5.4.1/../../../arm-none-eabi/lib/armv6-m/libc_nano.a(lib_a-fini.o)
__init_array_end                                  /usr/lib/gcc/arm-none-eabi/5.4.1/../../../arm-none-eabi/lib/armv6-m/libc_nano.a(lib_a-init.o)
__init_array_start                                /usr/lib/gcc/arm-none-eabi/5.4.1/../../../arm-none-eabi/lib/armv6-m/libc_nano.a(lib_a-init.o)
__libc_fini_array                                 /usr/lib/gcc/arm-none-eabi/5.4.1/../../../arm-none-eabi/lib/armv6-m/libc_nano.a(lib_a-fini.o)
                                                  /usr/lib/gcc/arm-none-eabi/5.4.1/../../../arm-none-eabi/lib/armv6-m/crt0.o
__libc_init_array                                 /usr/lib/gcc/arm-none-eabi/5.4.1/../../../arm-none-eabi/lib/armv6-m/libc_nano.a(lib_a-init.o)
                                                  build/startup_stm32f030x6.o
                                                  /usr/lib/gcc/arm-none-eabi/5.4.1/../../../arm-none-eabi/lib/armv6-m/crt0.o
__on_exit_args                                    /usr/lib/gcc/arm-none-eabi/5.4.1/../../../arm-none-eabi/lib/armv6-m/libc_nano.a(lib_a-__atexit.o)
__preinit_array_end                               /usr/lib/gcc/arm-none-eabi/5.4.1/../../../arm-none-eabi/lib/armv6-m/libc_nano.a(lib_a-init.o)
__preinit_array_start                             /usr/lib/gcc/arm-none-eabi/5.4.1/../../../arm-none-eabi/lib/armv6-m/libc_nano.a(lib_a-init.o)
__register_exitproc                               /usr/lib/gcc/arm-none-eabi/5.4.1/../../../arm-none-eabi/lib/armv6-m/libc_nano.a(lib_a-__atexit.o)
                                                  /usr/lib/gcc/arm-none-eabi/5.4.1/../../../arm-none-eabi/lib/armv6-m/libc_nano.a(lib_a-atexit.o)
__register_frame_info                             /usr/lib/gcc/arm-none-eabi/5.4.1/armv6-m/crtbegin.o
__sf_fake_stderr                                  /usr/lib/gcc/arm-none-eabi/5.4.1/../../../arm-none-eabi/lib/armv6-m/libc_nano.a(lib_a-impure.o)
__sf_fake_stdin                                   /usr/lib/gcc/arm-none-eabi/5.4.1/../../../arm-none-eabi/lib/armv6-m/libc_nano.a(lib_a-impure.o)
__sf_fake_stdout                                  /usr/lib/gcc/arm-none-eabi/5.4.1/../../../arm-none-eabi/lib/armv6-m/libc_nano.a(lib_a-impure.o)
__stack                                           /usr/lib/gcc/arm-none-eabi/5.4.1/../../../arm-none-eabi/lib/armv6-m/crt0.o
__udivsi3                                         /usr/lib/gcc/arm-none-eabi/5.4.1/armv6-m/libgcc.a(_udivsi3.o)
_ebss                                             build/startup_stm32f030x6.o
_edata                                            build/startup_stm32f030x6.o
_estack                                           build/startup_stm32f030x6.o
_exit                                             /usr/lib/gcc/arm-none-eabi/5.4.1/../../../arm-none-eabi/lib/armv6-m/libnosys.a(_exit.o)
                                                  /usr/lib/gcc/arm-none-eabi/5.4.1/../../../arm-none-eabi/lib/armv6-m/libc_nano.a(lib_a-exit.o)
_fini                                             /usr/lib/gcc/arm-none-eabi/5.4.1/armv6-m/crti.o
                                                  /usr/lib/gcc/arm-none-eabi/5.4.1/../../../arm-none-eabi/lib/armv6-m/libc_nano.a(lib_a-fini.o)
_global_atexit                                    /usr/lib/gcc/arm-none-eabi/5.4.1/../../../arm-none-eabi/lib/armv6-m/libc_nano.a(lib_a-__call_atexit.o)
                                                  /usr/lib/gcc/arm-none-eabi/5.4.1/../../../arm-none-eabi/lib/armv6-m/libc_nano.a(lib_a-__atexit.o)
_global_impure_ptr                                /usr/lib/gcc/arm-none-eabi/5.4.1/../../../arm-none-eabi/lib/armv6-m/libc_nano.a(lib_a-impure.o)
                                                  /usr/lib/gcc/arm-none-eabi/5.4.1/../../../arm-none-eabi/lib/armv6-m/libc_nano.a(lib_a-exit.o)
_impure_ptr                                       /usr/lib/gcc/arm-none-eabi/5.4.1/../../../arm-none-eabi/lib/armv6-m/libc_nano.a(lib_a-impure.o)
_init                                             /usr/lib/gcc/arm-none-eabi/5.4.1/armv6-m/crti.o
                                                  /usr/lib/gcc/arm-none-eabi/5.4.1/../../../arm-none-eabi/lib/armv6-m/libc_nano.a(lib_a-init.o)
_mainCRTStartup                                   /usr/lib/gcc/arm-none-eabi/5.4.1/../../../arm-none-eabi/lib/armv6-m/crt0.o
_sbss                                             build/startup_stm32f030x6.o
_sdata                                            build/startup_stm32f030x6.o
_sidata                                           build/startup_stm32f030x6.o
_start                                            /usr/lib/gcc/arm-none-eabi/5.4.1/../../../arm-none-eabi/lib/armv6-m/crt0.o
atexit                                            /usr/lib/gcc/arm-none-eabi/5.4.1/../../../arm-none-eabi/lib/armv6-m/libc_nano.a(lib_a-atexit.o)
                                                  /usr/lib/gcc/arm-none-eabi/5.4.1/../../../arm-none-eabi/lib/armv6-m/crt0.o
exit                                              /usr/lib/gcc/arm-none-eabi/5.4.1/../../../arm-none-eabi/lib/armv6-m/libc_nano.a(lib_a-exit.o)
                                                  /usr/lib/gcc/arm-none-eabi/5.4.1/../../../arm-none-eabi/lib/armv6-m/crt0.o
free                                              /usr/lib/gcc/arm-none-eabi/5.4.1/../../../arm-none-eabi/lib/armv6-m/libc_nano.a(lib_a-__call_atexit.o)
g_pfnVectors                                      build/startup_stm32f030x6.o
hardware_init_hook                                /usr/lib/gcc/arm-none-eabi/5.4.1/../../../arm-none-eabi/lib/armv6-m/crt0.o
main                                              build/main.o
                                                  build/startup_stm32f030x6.o
                                                  /usr/lib/gcc/arm-none-eabi/5.4.1/../../../arm-none-eabi/lib/armv6-m/crt0.o
malloc                                            /usr/lib/gcc/arm-none-eabi/5.4.1/../../../arm-none-eabi/lib/armv6-m/libc_nano.a(lib_a-__atexit.o)
memcpy                                            /usr/lib/gcc/arm-none-eabi/5.4.1/../../../arm-none-eabi/lib/armv6-m/libc_nano.a(lib_a-memcpy-stub.o)
                                                  build/stm32f0xx_hal_rcc.o
memset                                            /usr/lib/gcc/arm-none-eabi/5.4.1/../../../arm-none-eabi/lib/armv6-m/libc_nano.a(lib_a-memset.o)
                                                  build/main.o
                                                  /usr/lib/gcc/arm-none-eabi/5.4.1/../../../arm-none-eabi/lib/armv6-m/crt0.o
pFlash                                            build/stm32f0xx_hal_flash.o
                                                  build/stm32f0xx_hal_flash_ex.o
software_init_hook                                /usr/lib/gcc/arm-none-eabi/5.4.1/../../../arm-none-eabi/lib/armv6-m/crt0.o
uwTick                                            build/stm32f0xx_hal.o
